<BLCMM v="1">
	<head>
		<type name="BL2" offline="false"/>
		<profiles>
			<profile name="default" current="true"/>
		</profiles>
	</head>
	<body>
		<category name="root">
			<comment>&lt;code&gt;</comment>
			<code profiles="">set a b &lt;comment&gt;</code>
		</category>
	</body>
</BLCMM>
