<BLCMM v="1">
	<head>
		<type name="BL2" offline="false"/>
		<profiles>
			<profile name="default" current="true"/>
		</profiles>
	</head>
	<body>
		<category name="root">
			<comment>set a b c</comment>
			<code profiles="default">set set set set set</code>
		</category>
	</body>
</BLCMM>
