<BLCMM v="1">
	<head>
		<type name="BL2" offline="false"/>
		<profiles>
			<profile name="default" current="true"/>
		</profiles>
	</head>
	<body>
		<category name="&quot;\&apos;\&quot;\&apos;\&quot;\&apos;\&quot;\&apos;\&quot;&quot;\&apos;\&quot;\&apos;\&quot;\&apos;\&quot;\&apos;\&quot;">
		</category>
	</body>
</BLCMM>
