<BLCMM v="1">
	<head>
		<type name="BL2" offline="false"/>
		<profiles>
			<profile name="default" current="true"/>
		</profiles>
	</head>
	<body>
		<category name="root">
			<comment>set </comment>
			<comment>set a </comment>
			<code profiles="default">set a b </code>
			<code profiles="default">set a b c</code>
			<comment>set &lt;body&gt;</comment>
			<code profiles="default">set a b &lt;body&gt;</code>
			<code profiles="default">set &quot;/\&quot;&apos; &amp;apos; &gt;&lt;</code>
			<code profiles="default">set &lt;BLCMM v=&quot;1&quot;&gt; #&lt;!!!You opened a file saved with BLCMM in FilterTool. Please update to BLCMM to properly open this file!!!&gt; &lt;head&gt; &lt;type offline=&quot;false&quot; name=&quot;BL2&quot;/&gt; &lt;profiles&gt; &lt;profile current=&quot;true&quot; name=&quot;default&quot;/&gt; &lt;/profiles&gt; &lt;/head&gt; &lt;body&gt; &lt;category name=&quot;root&quot;&gt; &lt;/category&gt; &lt;/body&gt; &lt;/BLCMM&gt; #Commands:</code>
		</category>
	</body>
</BLCMM>
