<BLCMM v="1">
	<head>
		<type name="BL2" offline="false"/>
		<profiles>
			<profile name="file 1" current="true"/>
		</profiles>
	</head>
	<body>
		<category name="First File">
			<comment>A B C</comment>
		</category>
	</body>
</BLCMM>
