<test>
	<inner />
	<parent>
		<child>&lt;BLCMM&gt;</child>
	</parent>
</test>
