<BLCMM v="1">
	<body>
		<category name="root">
		</category>
	</body>
</BLCMM>
