<BLCMM v="1">
	<head>
		<type name="BL2" offline="false"/>
		<profiles>
			<profile name="default" current="true">set a b c</profile>
		</profiles>
	</head>
	<body>
		<category name="root">
			<code name="category" />
			<comment/>
			<category>test</category>
		</category>
	</body>
</BLCMM>
