<BLCMM        v="1"           >
	<head       >
		<type    name="BL2"    offline="false"    />
		<profiles>
			<profile   current="true"     name="default"          />
		</profiles>
	</head  >
	<body		>
		<category	  	name="root"   >
			<code    	profiles="default">set a b c</code  >
		</category	 >
	</body>
</BLCMM	 >
